// Jest Snapshot v1, https://goo.gl/fbAQLP

exports[`Prueba en <GifExpertApp />:  Debe de hacer match con el snapshot 1`] = `
<div>
  <h1>
    GifExpertApp
  </h1>
  <form
    aria-label="form"
  >
    <input
      placeholder="Buscar Gifs"
      type="text"
      value=""
    />
  </form>
  <h3>
    Friends
  </h3>
  <h2>
    Cargando...
  </h2>
  <div
    class="card-grid"
  />
  <h3>
    Iron Man
  </h3>
  <h2>
    Cargando...
  </h2>
  <div
    class="card-grid"
  />
</div>
`;
